// Jest Snapshot v1, https://goo.gl/fbAQLP

exports[`Controls displays a form with two inputs, five radio selections, and  a button 1`] = `
<form
  data-testid="controls-form"
>
  <input
    aria-label="urlTextbox"
    class="urlTextbox"
    name="url"
    placeholder="URL"
    type="text"
    value=""
  />
  <section
    aria-label="methodSelector"
    class="methodSelector"
  >
    <label
      for="GET"
    >
      <input
        id="GET"
        name="method"
        type="radio"
        value="GET"
      />
      <div
        class="selectorName"
      >
        GET
      </div>
    </label>
    <label
      for="POST"
    >
      <input
        id="POST"
        name="method"
        type="radio"
        value="POST"
      />
      <div
        class="selectorName"
      >
        POST
      </div>
    </label>
    <label
      for="PUT"
    >
      <input
        id="PUT"
        name="method"
        type="radio"
        value="PUT"
      />
      <div
        class="selectorName"
      >
        PUT
      </div>
    </label>
    <label
      for="PATCH"
    >
      <input
        id="PATCH"
        name="method"
        type="radio"
        value="PATCH"
      />
      <div
        class="selectorName"
      >
        PATCH
      </div>
    </label>
    <label
      for="DELETE"
    >
      <input
        id="DELETE"
        name="method"
        type="radio"
        value="DELETE"
      />
      <div
        class="selectorName"
      >
        DELETE
      </div>
    </label>
    <button
      class="selectorName"
    >
      GO!
    </button>
  </section>
  <input
    aria-label="rawJsonTextbox"
    class="rawJsonTextbox"
    name="rawJson"
    placeholder="Raw JSON body"
    type="text"
    value=""
  />
</form>
`;
